======================================================================
ACTIVE-POWER GATE — WIDEN THE HELD-OUT ACTIVES TO RETIRE THE n=7 TIP
======================================================================
freeze checks:
  frozen OK  work/PREREGISTRATION_active_power.md  (sha256 9327563ac69ff087...)
  frozen OK  data/ligands/active_power_sample.smi  (sha256 ba8d1f3cb0571701...)
protocol verified unmodified (sha256 6eca16b1be2e5e33...)

receptor (iron)  : work/receptor_A.pdb
actives          : 300  (docked: 292)
prop-matched dec : 350  (docked: 348)
  note: 8 actives have no pose — ranked LAST per pre-registration.
pass bar         : AUC point >= 0.7; Limitation #1 RETIRED iff CI lower >= 0.7

PRIMARY — actives (N=300) vs 350 property-matched decoys, mode C   [PRIMARY — gates the result]
  ranked           : 650  (300 actives, 350 decoys)
  unrankable       : 10 molecules (8 actives) — placed LAST per pre-registration
  AUC              : 0.750
  EF@  1%          : 2.17x
  EF@  5%          : 1.97x
  EF@ 10%          : 1.83x
  BEDROC (a=20)    : 0.879
  actives in top 15: 15/300  ['active_CHEMBL365796', 'active_CHEMBL478052', 'active_CHEMBL372899', 'active_CHEMBL476800', 'active_CHEMBL476621', 'active_CHEMBL515465', 'active_CHEMBL3310266', 'active_CHEMBL6161062', 'active_CHEMBL5270181', 'active_CHEMBL3261303', 'active_CHEMBL5428509', 'active_CHEMBL2018825', 'active_CHEMBL1911087', 'active_CHEMBL5182098', 'active_CHEMBL5194875']
  bootstrap 95% CI : 0.717 - 0.782
  permutation p    : 5e-05  (20,000 shuffles)

S1 PRODUCT — actives vs NON-azole verified inactives (116; docked 115) [comparators 0.810/0.823]   (secondary, reported only)
  ranked           : 416  (300 actives, 116 decoys)
  unrankable       : 9 molecules (8 actives) — placed LAST per pre-registration
  AUC              : 0.774
  EF@  1%          : 1.39x
  EF@  5%          : 1.39x
  EF@ 10%          : 1.32x
  BEDROC (a=20)    : 0.977
  actives in top 15: 15/300  ['active_CHEMBL365796', 'active_CHEMBL478052', 'active_CHEMBL372899', 'active_CHEMBL476800', 'active_CHEMBL476621', 'active_CHEMBL515465', 'active_CHEMBL3310266', 'active_CHEMBL6161062', 'active_CHEMBL5270181', 'active_CHEMBL3261303', 'active_CHEMBL5428509', 'active_CHEMBL2018825', 'active_CHEMBL1911087', 'active_CHEMBL5182098', 'active_CHEMBL5194875']
  bootstrap 95% CI : 0.741 - 0.807
  permutation p    : 5e-05  (20,000 shuffles)

S4 domain-edge (median heavy-atoms = 32):

  actives <= median (167) vs decoys   (secondary, reported only)
  ranked           : 517  (167 actives, 350 decoys)
  unrankable       : 6 molecules (4 actives) — placed LAST per pre-registration
  AUC              : 0.766
  EF@  1%          : 3.10x
  EF@  5%          : 2.26x
  EF@ 10%          : 2.32x
  BEDROC (a=20)    : 0.764
  actives in top 15: 14/167  ['active_CHEMBL365796', 'active_CHEMBL478052', 'active_CHEMBL372899', 'active_CHEMBL476800', 'active_CHEMBL476621', 'active_CHEMBL515465', 'active_CHEMBL3310266', 'active_CHEMBL5428509', 'active_CHEMBL2018825', 'active_CHEMBL5194875', 'active_CHEMBL3085382', 'active_CHEMBL476593', 'active_CHEMBL3218249', 'active_CHEMBL5192871']

  actives > median (133) vs decoys   (secondary, reported only)
  ranked           : 483  (133 actives, 350 decoys)
  unrankable       : 6 molecules (4 actives) — placed LAST per pre-registration
  AUC              : 0.732
  EF@  1%          : 3.63x
  EF@  5%          : 2.61x
  EF@ 10%          : 2.67x
  BEDROC (a=20)    : 0.747
  actives in top 15: 13/133  ['active_CHEMBL6161062', 'active_CHEMBL5270181', 'active_CHEMBL3261303', 'active_CHEMBL1911087', 'active_CHEMBL5182098', 'active_CHEMBL244433', 'active_CHEMBL1796893', 'active_CHEMBL5197424', 'active_CHEMBL1254964', 'active_CHEMBL1253619', 'active_CHEMBL1254136', 'active_CHEMBL1254706', 'active_CHEMBL1802344']

======================================================================
PRIMARY mode C: AUC 0.750 (need >= 0.7)   bootstrap 95% CI 0.717 - 0.782
GATE: PASS — RETIRED. With n=7 sampling noise removed, the mode-C AUC clears the
0.70 bar with its LOWER BOUND, not just its point estimate. Preprint §6.1 updates
from 'a true AUC under the bar cannot be excluded' to this tight interval.
